1/3 tcp 64 B clients=16 window=1 shared:1 work=0 arknet-callback
1/3 tcp 64 B clients=16 window=4 shared:1 work=0 arknet-callback
1/3 tcp 64 B clients=16 window=16 shared:1 work=0 arknet-callback
1/3 tcp 64 B clients=16 window=64 shared:1 work=0 arknet-callback
1/3 tcp 1024 B clients=16 window=1 shared:1 work=0 arknet-callback
1/3 tcp 1024 B clients=16 window=4 shared:1 work=0 arknet-callback
1/3 tcp 1024 B clients=16 window=16 shared:1 work=0 arknet-callback
1/3 tcp 1024 B clients=16 window=64 shared:1 work=0 arknet-callback
1/3 tcp 16384 B clients=16 window=1 shared:1 work=0 arknet-callback
1/3 tcp 16384 B clients=16 window=4 shared:1 work=0 arknet-callback
1/3 tcp 16384 B clients=16 window=16 shared:1 work=0 arknet-callback
1/3 tcp 16384 B clients=16 window=64 shared:1 work=0 arknet-callback
1/3 udp 64 B clients=16 window=1 shared:1 work=0 arknet-callback
1/3 udp 64 B clients=16 window=4 shared:1 work=0 arknet-callback
1/3 udp 64 B clients=16 window=16 shared:1 work=0 arknet-callback
1/3 udp 64 B clients=16 window=64 shared:1 work=0 arknet-callback
1/3 udp 1024 B clients=16 window=1 shared:1 work=0 arknet-callback
1/3 udp 1024 B clients=16 window=4 shared:1 work=0 arknet-callback
1/3 udp 1024 B clients=16 window=16 shared:1 work=0 arknet-callback
1/3 udp 1024 B clients=16 window=64 shared:1 work=0 arknet-callback
1/3 udp 16384 B clients=16 window=1 shared:1 work=0 arknet-callback
1/3 udp 16384 B clients=16 window=4 shared:1 work=0 arknet-callback
1/3 udp 16384 B clients=16 window=16 shared:1 work=0 arknet-callback
1/3 udp 16384 B clients=16 window=64 shared:1 work=0 arknet-callback
Failed: benchmark failed with exit code 1. Report: benchmarks/results/macmini-m4pro-20261010-dimensions/boost-callback.json
1/3 websocket 64 B clients=16 window=1 shared:1 work=0 arknet-callback
1/3 websocket 64 B clients=16 window=4 shared:1 work=0 arknet-callback
1/3 websocket 64 B clients=16 window=16 shared:1 work=0 arknet-callback
1/3 websocket 64 B clients=16 window=64 shared:1 work=0 arknet-callback
1/3 websocket 1024 B clients=16 window=1 shared:1 work=0 arknet-callback
1/3 websocket 1024 B clients=16 window=4 shared:1 work=0 arknet-callback
1/3 websocket 1024 B clients=16 window=16 shared:1 work=0 arknet-callback
1/3 websocket 1024 B clients=16 window=64 shared:1 work=0 arknet-callback
1/3 websocket 16384 B clients=16 window=1 shared:1 work=0 arknet-callback
1/3 websocket 16384 B clients=16 window=4 shared:1 work=0 arknet-callback
1/3 websocket 16384 B clients=16 window=16 shared:1 work=0 arknet-callback
1/3 websocket 16384 B clients=16 window=64 shared:1 work=0 arknet-callback
1/3 tcps 64 B clients=16 window=1 shared:1 work=0 arknet-callback
1/3 tcps 64 B clients=16 window=4 shared:1 work=0 arknet-callback
1/3 tcps 64 B clients=16 window=16 shared:1 work=0 arknet-callback
1/3 tcps 64 B clients=16 window=64 shared:1 work=0 arknet-callback
1/3 tcps 1024 B clients=16 window=1 shared:1 work=0 arknet-callback
1/3 tcps 1024 B clients=16 window=4 shared:1 work=0 arknet-callback
1/3 tcps 1024 B clients=16 window=16 shared:1 work=0 arknet-callback
1/3 tcps 1024 B clients=16 window=64 shared:1 work=0 arknet-callback
1/3 tcps 16384 B clients=16 window=1 shared:1 work=0 arknet-callback
1/3 tcps 16384 B clients=16 window=4 shared:1 work=0 arknet-callback
1/3 tcps 16384 B clients=16 window=16 shared:1 work=0 arknet-callback
1/3 tcps 16384 B clients=16 window=64 shared:1 work=0 arknet-callback
1/3 wss 64 B clients=16 window=1 shared:1 work=0 arknet-callback
1/3 wss 64 B clients=16 window=4 shared:1 work=0 arknet-callback
1/3 wss 64 B clients=16 window=16 shared:1 work=0 arknet-callback
1/3 wss 64 B clients=16 window=64 shared:1 work=0 arknet-callback
1/3 wss 1024 B clients=16 window=1 shared:1 work=0 arknet-callback
1/3 wss 1024 B clients=16 window=4 shared:1 work=0 arknet-callback
1/3 wss 1024 B clients=16 window=16 shared:1 work=0 arknet-callback
1/3 wss 1024 B clients=16 window=64 shared:1 work=0 arknet-callback
1/3 wss 16384 B clients=16 window=1 shared:1 work=0 arknet-callback
1/3 wss 16384 B clients=16 window=4 shared:1 work=0 arknet-callback
1/3 wss 16384 B clients=16 window=16 shared:1 work=0 arknet-callback
1/3 wss 16384 B clients=16 window=64 shared:1 work=0 arknet-callback
1/3 http 64 B clients=16 window=1 shared:1 work=0 arknet-callback
1/3 http 64 B clients=16 window=4 shared:1 work=0 arknet-callback
1/3 http 64 B clients=16 window=16 shared:1 work=0 arknet-callback
1/3 http 64 B clients=16 window=64 shared:1 work=0 arknet-callback
1/3 http 1024 B clients=16 window=1 shared:1 work=0 arknet-callback
1/3 http 1024 B clients=16 window=4 shared:1 work=0 arknet-callback
1/3 http 1024 B clients=16 window=16 shared:1 work=0 arknet-callback
1/3 http 1024 B clients=16 window=64 shared:1 work=0 arknet-callback
1/3 http 16384 B clients=16 window=1 shared:1 work=0 arknet-callback
1/3 http 16384 B clients=16 window=4 shared:1 work=0 arknet-callback
1/3 http 16384 B clients=16 window=16 shared:1 work=0 arknet-callback
1/3 http 16384 B clients=16 window=64 shared:1 work=0 arknet-callback
1/3 https 64 B clients=16 window=1 shared:1 work=0 arknet-callback
1/3 https 64 B clients=16 window=4 shared:1 work=0 arknet-callback
1/3 https 64 B clients=16 window=16 shared:1 work=0 arknet-callback
1/3 https 64 B clients=16 window=64 shared:1 work=0 arknet-callback
1/3 https 1024 B clients=16 window=1 shared:1 work=0 arknet-callback
1/3 https 1024 B clients=16 window=4 shared:1 work=0 arknet-callback
1/3 https 1024 B clients=16 window=16 shared:1 work=0 arknet-callback
1/3 https 1024 B clients=16 window=64 shared:1 work=0 arknet-callback
1/3 https 16384 B clients=16 window=1 shared:1 work=0 arknet-callback
1/3 https 16384 B clients=16 window=4 shared:1 work=0 arknet-callback
1/3 https 16384 B clients=16 window=16 shared:1 work=0 arknet-callback
1/3 https 16384 B clients=16 window=64 shared:1 work=0 arknet-callback
1/3 tcp 64 B clients=16 window=1 shared:4 work=0 arknet-callback
1/3 tcp 64 B clients=16 window=4 shared:4 work=0 arknet-callback
1/3 tcp 64 B clients=16 window=16 shared:4 work=0 arknet-callback
1/3 tcp 64 B clients=16 window=64 shared:4 work=0 arknet-callback
1/3 tcp 1024 B clients=16 window=1 shared:4 work=0 arknet-callback
1/3 tcp 1024 B clients=16 window=4 shared:4 work=0 arknet-callback
1/3 tcp 1024 B clients=16 window=16 shared:4 work=0 arknet-callback
1/3 tcp 1024 B clients=16 window=64 shared:4 work=0 arknet-callback
1/3 tcp 16384 B clients=16 window=1 shared:4 work=0 arknet-callback
1/3 tcp 16384 B clients=16 window=4 shared:4 work=0 arknet-callback
1/3 tcp 16384 B clients=16 window=16 shared:4 work=0 arknet-callback
1/3 tcp 16384 B clients=16 window=64 shared:4 work=0 arknet-callback
1/3 udp 64 B clients=16 window=1 shared:4 work=0 arknet-callback
1/3 udp 64 B clients=16 window=4 shared:4 work=0 arknet-callback
1/3 udp 64 B clients=16 window=16 shared:4 work=0 arknet-callback
1/3 udp 64 B clients=16 window=64 shared:4 work=0 arknet-callback
1/3 udp 1024 B clients=16 window=1 shared:4 work=0 arknet-callback
1/3 udp 1024 B clients=16 window=4 shared:4 work=0 arknet-callback
1/3 udp 1024 B clients=16 window=16 shared:4 work=0 arknet-callback
1/3 udp 1024 B clients=16 window=64 shared:4 work=0 arknet-callback
1/3 udp 16384 B clients=16 window=1 shared:4 work=0 arknet-callback
1/3 udp 16384 B clients=16 window=4 shared:4 work=0 arknet-callback
1/3 udp 16384 B clients=16 window=16 shared:4 work=0 arknet-callback
Failed: benchmark failed with exit code 1. Report: benchmarks/results/macmini-m4pro-20261010-dimensions/boost-callback.json
1/3 udp 16384 B clients=16 window=64 shared:4 work=0 arknet-callback
Failed: benchmark failed with exit code 1. Report: benchmarks/results/macmini-m4pro-20261010-dimensions/boost-callback.json
1/3 websocket 64 B clients=16 window=1 shared:4 work=0 arknet-callback
1/3 websocket 64 B clients=16 window=4 shared:4 work=0 arknet-callback
1/3 websocket 64 B clients=16 window=16 shared:4 work=0 arknet-callback
1/3 websocket 64 B clients=16 window=64 shared:4 work=0 arknet-callback
1/3 websocket 1024 B clients=16 window=1 shared:4 work=0 arknet-callback
1/3 websocket 1024 B clients=16 window=4 shared:4 work=0 arknet-callback
1/3 websocket 1024 B clients=16 window=16 shared:4 work=0 arknet-callback
1/3 websocket 1024 B clients=16 window=64 shared:4 work=0 arknet-callback
1/3 websocket 16384 B clients=16 window=1 shared:4 work=0 arknet-callback
1/3 websocket 16384 B clients=16 window=4 shared:4 work=0 arknet-callback
1/3 websocket 16384 B clients=16 window=16 shared:4 work=0 arknet-callback
1/3 websocket 16384 B clients=16 window=64 shared:4 work=0 arknet-callback
1/3 tcps 64 B clients=16 window=1 shared:4 work=0 arknet-callback
1/3 tcps 64 B clients=16 window=4 shared:4 work=0 arknet-callback
1/3 tcps 64 B clients=16 window=16 shared:4 work=0 arknet-callback
1/3 tcps 64 B clients=16 window=64 shared:4 work=0 arknet-callback
1/3 tcps 1024 B clients=16 window=1 shared:4 work=0 arknet-callback
1/3 tcps 1024 B clients=16 window=4 shared:4 work=0 arknet-callback
1/3 tcps 1024 B clients=16 window=16 shared:4 work=0 arknet-callback
1/3 tcps 1024 B clients=16 window=64 shared:4 work=0 arknet-callback
1/3 tcps 16384 B clients=16 window=1 shared:4 work=0 arknet-callback
1/3 tcps 16384 B clients=16 window=4 shared:4 work=0 arknet-callback
1/3 tcps 16384 B clients=16 window=16 shared:4 work=0 arknet-callback
1/3 tcps 16384 B clients=16 window=64 shared:4 work=0 arknet-callback
1/3 wss 64 B clients=16 window=1 shared:4 work=0 arknet-callback
1/3 wss 64 B clients=16 window=4 shared:4 work=0 arknet-callback
1/3 wss 64 B clients=16 window=16 shared:4 work=0 arknet-callback
1/3 wss 64 B clients=16 window=64 shared:4 work=0 arknet-callback
1/3 wss 1024 B clients=16 window=1 shared:4 work=0 arknet-callback
1/3 wss 1024 B clients=16 window=4 shared:4 work=0 arknet-callback
1/3 wss 1024 B clients=16 window=16 shared:4 work=0 arknet-callback
1/3 wss 1024 B clients=16 window=64 shared:4 work=0 arknet-callback
1/3 wss 16384 B clients=16 window=1 shared:4 work=0 arknet-callback
1/3 wss 16384 B clients=16 window=4 shared:4 work=0 arknet-callback
1/3 wss 16384 B clients=16 window=16 shared:4 work=0 arknet-callback
1/3 wss 16384 B clients=16 window=64 shared:4 work=0 arknet-callback
1/3 http 64 B clients=16 window=1 shared:4 work=0 arknet-callback
1/3 http 64 B clients=16 window=4 shared:4 work=0 arknet-callback
1/3 http 64 B clients=16 window=16 shared:4 work=0 arknet-callback
1/3 http 64 B clients=16 window=64 shared:4 work=0 arknet-callback
1/3 http 1024 B clients=16 window=1 shared:4 work=0 arknet-callback
1/3 http 1024 B clients=16 window=4 shared:4 work=0 arknet-callback
1/3 http 1024 B clients=16 window=16 shared:4 work=0 arknet-callback
1/3 http 1024 B clients=16 window=64 shared:4 work=0 arknet-callback
1/3 http 16384 B clients=16 window=1 shared:4 work=0 arknet-callback
1/3 http 16384 B clients=16 window=4 shared:4 work=0 arknet-callback
1/3 http 16384 B clients=16 window=16 shared:4 work=0 arknet-callback
1/3 http 16384 B clients=16 window=64 shared:4 work=0 arknet-callback
1/3 https 64 B clients=16 window=1 shared:4 work=0 arknet-callback
1/3 https 64 B clients=16 window=4 shared:4 work=0 arknet-callback
1/3 https 64 B clients=16 window=16 shared:4 work=0 arknet-callback
1/3 https 64 B clients=16 window=64 shared:4 work=0 arknet-callback
1/3 https 1024 B clients=16 window=1 shared:4 work=0 arknet-callback
1/3 https 1024 B clients=16 window=4 shared:4 work=0 arknet-callback
1/3 https 1024 B clients=16 window=16 shared:4 work=0 arknet-callback
1/3 https 1024 B clients=16 window=64 shared:4 work=0 arknet-callback
1/3 https 16384 B clients=16 window=1 shared:4 work=0 arknet-callback
1/3 https 16384 B clients=16 window=4 shared:4 work=0 arknet-callback
1/3 https 16384 B clients=16 window=16 shared:4 work=0 arknet-callback
1/3 https 16384 B clients=16 window=64 shared:4 work=0 arknet-callback
1/3 tcp 64 B clients=16 window=1 sharded:4 work=0 arknet-callback
1/3 tcp 64 B clients=16 window=4 sharded:4 work=0 arknet-callback
1/3 tcp 64 B clients=16 window=16 sharded:4 work=0 arknet-callback
1/3 tcp 64 B clients=16 window=64 sharded:4 work=0 arknet-callback
1/3 tcp 1024 B clients=16 window=1 sharded:4 work=0 arknet-callback
1/3 tcp 1024 B clients=16 window=4 sharded:4 work=0 arknet-callback
1/3 tcp 1024 B clients=16 window=16 sharded:4 work=0 arknet-callback
1/3 tcp 1024 B clients=16 window=64 sharded:4 work=0 arknet-callback
1/3 tcp 16384 B clients=16 window=1 sharded:4 work=0 arknet-callback
1/3 tcp 16384 B clients=16 window=4 sharded:4 work=0 arknet-callback
1/3 tcp 16384 B clients=16 window=16 sharded:4 work=0 arknet-callback
1/3 tcp 16384 B clients=16 window=64 sharded:4 work=0 arknet-callback
1/3 udp 64 B clients=16 window=1 sharded:4 work=0 arknet-callback
1/3 udp 64 B clients=16 window=4 sharded:4 work=0 arknet-callback
1/3 udp 64 B clients=16 window=16 sharded:4 work=0 arknet-callback
1/3 udp 64 B clients=16 window=64 sharded:4 work=0 arknet-callback
1/3 udp 1024 B clients=16 window=1 sharded:4 work=0 arknet-callback
1/3 udp 1024 B clients=16 window=4 sharded:4 work=0 arknet-callback
1/3 udp 1024 B clients=16 window=16 sharded:4 work=0 arknet-callback
1/3 udp 1024 B clients=16 window=64 sharded:4 work=0 arknet-callback
1/3 udp 16384 B clients=16 window=1 sharded:4 work=0 arknet-callback
1/3 udp 16384 B clients=16 window=4 sharded:4 work=0 arknet-callback
1/3 udp 16384 B clients=16 window=16 sharded:4 work=0 arknet-callback
Failed: benchmark failed with exit code 1. Report: benchmarks/results/macmini-m4pro-20261010-dimensions/boost-callback.json
1/3 udp 16384 B clients=16 window=64 sharded:4 work=0 arknet-callback
Failed: benchmark failed with exit code 1. Report: benchmarks/results/macmini-m4pro-20261010-dimensions/boost-callback.json
1/3 websocket 64 B clients=16 window=1 sharded:4 work=0 arknet-callback
1/3 websocket 64 B clients=16 window=4 sharded:4 work=0 arknet-callback
1/3 websocket 64 B clients=16 window=16 sharded:4 work=0 arknet-callback
1/3 websocket 64 B clients=16 window=64 sharded:4 work=0 arknet-callback
1/3 websocket 1024 B clients=16 window=1 sharded:4 work=0 arknet-callback
1/3 websocket 1024 B clients=16 window=4 sharded:4 work=0 arknet-callback
1/3 websocket 1024 B clients=16 window=16 sharded:4 work=0 arknet-callback
1/3 websocket 1024 B clients=16 window=64 sharded:4 work=0 arknet-callback
1/3 websocket 16384 B clients=16 window=1 sharded:4 work=0 arknet-callback
1/3 websocket 16384 B clients=16 window=4 sharded:4 work=0 arknet-callback
1/3 websocket 16384 B clients=16 window=16 sharded:4 work=0 arknet-callback
1/3 websocket 16384 B clients=16 window=64 sharded:4 work=0 arknet-callback
1/3 tcps 64 B clients=16 window=1 sharded:4 work=0 arknet-callback
1/3 tcps 64 B clients=16 window=4 sharded:4 work=0 arknet-callback
1/3 tcps 64 B clients=16 window=16 sharded:4 work=0 arknet-callback
1/3 tcps 64 B clients=16 window=64 sharded:4 work=0 arknet-callback
1/3 tcps 1024 B clients=16 window=1 sharded:4 work=0 arknet-callback
1/3 tcps 1024 B clients=16 window=4 sharded:4 work=0 arknet-callback
1/3 tcps 1024 B clients=16 window=16 sharded:4 work=0 arknet-callback
1/3 tcps 1024 B clients=16 window=64 sharded:4 work=0 arknet-callback
1/3 tcps 16384 B clients=16 window=1 sharded:4 work=0 arknet-callback
1/3 tcps 16384 B clients=16 window=4 sharded:4 work=0 arknet-callback
1/3 tcps 16384 B clients=16 window=16 sharded:4 work=0 arknet-callback
1/3 tcps 16384 B clients=16 window=64 sharded:4 work=0 arknet-callback
1/3 wss 64 B clients=16 window=1 sharded:4 work=0 arknet-callback
1/3 wss 64 B clients=16 window=4 sharded:4 work=0 arknet-callback
1/3 wss 64 B clients=16 window=16 sharded:4 work=0 arknet-callback
1/3 wss 64 B clients=16 window=64 sharded:4 work=0 arknet-callback
1/3 wss 1024 B clients=16 window=1 sharded:4 work=0 arknet-callback
1/3 wss 1024 B clients=16 window=4 sharded:4 work=0 arknet-callback
1/3 wss 1024 B clients=16 window=16 sharded:4 work=0 arknet-callback
1/3 wss 1024 B clients=16 window=64 sharded:4 work=0 arknet-callback
1/3 wss 16384 B clients=16 window=1 sharded:4 work=0 arknet-callback
1/3 wss 16384 B clients=16 window=4 sharded:4 work=0 arknet-callback
1/3 wss 16384 B clients=16 window=16 sharded:4 work=0 arknet-callback
1/3 wss 16384 B clients=16 window=64 sharded:4 work=0 arknet-callback
1/3 http 64 B clients=16 window=1 sharded:4 work=0 arknet-callback
1/3 http 64 B clients=16 window=4 sharded:4 work=0 arknet-callback
1/3 http 64 B clients=16 window=16 sharded:4 work=0 arknet-callback
1/3 http 64 B clients=16 window=64 sharded:4 work=0 arknet-callback
1/3 http 1024 B clients=16 window=1 sharded:4 work=0 arknet-callback
1/3 http 1024 B clients=16 window=4 sharded:4 work=0 arknet-callback
1/3 http 1024 B clients=16 window=16 sharded:4 work=0 arknet-callback
1/3 http 1024 B clients=16 window=64 sharded:4 work=0 arknet-callback
1/3 http 16384 B clients=16 window=1 sharded:4 work=0 arknet-callback
1/3 http 16384 B clients=16 window=4 sharded:4 work=0 arknet-callback
1/3 http 16384 B clients=16 window=16 sharded:4 work=0 arknet-callback
1/3 http 16384 B clients=16 window=64 sharded:4 work=0 arknet-callback
1/3 https 64 B clients=16 window=1 sharded:4 work=0 arknet-callback
1/3 https 64 B clients=16 window=4 sharded:4 work=0 arknet-callback
1/3 https 64 B clients=16 window=16 sharded:4 work=0 arknet-callback
1/3 https 64 B clients=16 window=64 sharded:4 work=0 arknet-callback
1/3 https 1024 B clients=16 window=1 sharded:4 work=0 arknet-callback
1/3 https 1024 B clients=16 window=4 sharded:4 work=0 arknet-callback
1/3 https 1024 B clients=16 window=16 sharded:4 work=0 arknet-callback
1/3 https 1024 B clients=16 window=64 sharded:4 work=0 arknet-callback
1/3 https 16384 B clients=16 window=1 sharded:4 work=0 arknet-callback
1/3 https 16384 B clients=16 window=4 sharded:4 work=0 arknet-callback
1/3 https 16384 B clients=16 window=16 sharded:4 work=0 arknet-callback
1/3 https 16384 B clients=16 window=64 sharded:4 work=0 arknet-callback
2/3 tcp 64 B clients=16 window=1 shared:1 work=0 arknet-callback
2/3 tcp 64 B clients=16 window=4 shared:1 work=0 arknet-callback
2/3 tcp 64 B clients=16 window=16 shared:1 work=0 arknet-callback
2/3 tcp 64 B clients=16 window=64 shared:1 work=0 arknet-callback
2/3 tcp 1024 B clients=16 window=1 shared:1 work=0 arknet-callback
2/3 tcp 1024 B clients=16 window=4 shared:1 work=0 arknet-callback
2/3 tcp 1024 B clients=16 window=16 shared:1 work=0 arknet-callback
2/3 tcp 1024 B clients=16 window=64 shared:1 work=0 arknet-callback
2/3 tcp 16384 B clients=16 window=1 shared:1 work=0 arknet-callback
2/3 tcp 16384 B clients=16 window=4 shared:1 work=0 arknet-callback
2/3 tcp 16384 B clients=16 window=16 shared:1 work=0 arknet-callback
2/3 tcp 16384 B clients=16 window=64 shared:1 work=0 arknet-callback
2/3 udp 64 B clients=16 window=1 shared:1 work=0 arknet-callback
2/3 udp 64 B clients=16 window=4 shared:1 work=0 arknet-callback
2/3 udp 64 B clients=16 window=16 shared:1 work=0 arknet-callback
2/3 udp 64 B clients=16 window=64 shared:1 work=0 arknet-callback
2/3 udp 1024 B clients=16 window=1 shared:1 work=0 arknet-callback
2/3 udp 1024 B clients=16 window=4 shared:1 work=0 arknet-callback
2/3 udp 1024 B clients=16 window=16 shared:1 work=0 arknet-callback
2/3 udp 1024 B clients=16 window=64 shared:1 work=0 arknet-callback
2/3 udp 16384 B clients=16 window=1 shared:1 work=0 arknet-callback
2/3 udp 16384 B clients=16 window=4 shared:1 work=0 arknet-callback
2/3 udp 16384 B clients=16 window=16 shared:1 work=0 arknet-callback
2/3 udp 16384 B clients=16 window=64 shared:1 work=0 arknet-callback
Failed: benchmark failed with exit code 1. Report: benchmarks/results/macmini-m4pro-20261010-dimensions/boost-callback.json
2/3 websocket 64 B clients=16 window=1 shared:1 work=0 arknet-callback
2/3 websocket 64 B clients=16 window=4 shared:1 work=0 arknet-callback
2/3 websocket 64 B clients=16 window=16 shared:1 work=0 arknet-callback
2/3 websocket 64 B clients=16 window=64 shared:1 work=0 arknet-callback
2/3 websocket 1024 B clients=16 window=1 shared:1 work=0 arknet-callback
2/3 websocket 1024 B clients=16 window=4 shared:1 work=0 arknet-callback
2/3 websocket 1024 B clients=16 window=16 shared:1 work=0 arknet-callback
2/3 websocket 1024 B clients=16 window=64 shared:1 work=0 arknet-callback
2/3 websocket 16384 B clients=16 window=1 shared:1 work=0 arknet-callback
2/3 websocket 16384 B clients=16 window=4 shared:1 work=0 arknet-callback
2/3 websocket 16384 B clients=16 window=16 shared:1 work=0 arknet-callback
2/3 websocket 16384 B clients=16 window=64 shared:1 work=0 arknet-callback
2/3 tcps 64 B clients=16 window=1 shared:1 work=0 arknet-callback
2/3 tcps 64 B clients=16 window=4 shared:1 work=0 arknet-callback
2/3 tcps 64 B clients=16 window=16 shared:1 work=0 arknet-callback
2/3 tcps 64 B clients=16 window=64 shared:1 work=0 arknet-callback
2/3 tcps 1024 B clients=16 window=1 shared:1 work=0 arknet-callback
2/3 tcps 1024 B clients=16 window=4 shared:1 work=0 arknet-callback
2/3 tcps 1024 B clients=16 window=16 shared:1 work=0 arknet-callback
2/3 tcps 1024 B clients=16 window=64 shared:1 work=0 arknet-callback
2/3 tcps 16384 B clients=16 window=1 shared:1 work=0 arknet-callback
2/3 tcps 16384 B clients=16 window=4 shared:1 work=0 arknet-callback
2/3 tcps 16384 B clients=16 window=16 shared:1 work=0 arknet-callback
2/3 tcps 16384 B clients=16 window=64 shared:1 work=0 arknet-callback
2/3 wss 64 B clients=16 window=1 shared:1 work=0 arknet-callback
2/3 wss 64 B clients=16 window=4 shared:1 work=0 arknet-callback
2/3 wss 64 B clients=16 window=16 shared:1 work=0 arknet-callback
2/3 wss 64 B clients=16 window=64 shared:1 work=0 arknet-callback
2/3 wss 1024 B clients=16 window=1 shared:1 work=0 arknet-callback
2/3 wss 1024 B clients=16 window=4 shared:1 work=0 arknet-callback
2/3 wss 1024 B clients=16 window=16 shared:1 work=0 arknet-callback
2/3 wss 1024 B clients=16 window=64 shared:1 work=0 arknet-callback
2/3 wss 16384 B clients=16 window=1 shared:1 work=0 arknet-callback
2/3 wss 16384 B clients=16 window=4 shared:1 work=0 arknet-callback
2/3 wss 16384 B clients=16 window=16 shared:1 work=0 arknet-callback
2/3 wss 16384 B clients=16 window=64 shared:1 work=0 arknet-callback
2/3 http 64 B clients=16 window=1 shared:1 work=0 arknet-callback
2/3 http 64 B clients=16 window=4 shared:1 work=0 arknet-callback
2/3 http 64 B clients=16 window=16 shared:1 work=0 arknet-callback
2/3 http 64 B clients=16 window=64 shared:1 work=0 arknet-callback
2/3 http 1024 B clients=16 window=1 shared:1 work=0 arknet-callback
2/3 http 1024 B clients=16 window=4 shared:1 work=0 arknet-callback
2/3 http 1024 B clients=16 window=16 shared:1 work=0 arknet-callback
2/3 http 1024 B clients=16 window=64 shared:1 work=0 arknet-callback
2/3 http 16384 B clients=16 window=1 shared:1 work=0 arknet-callback
2/3 http 16384 B clients=16 window=4 shared:1 work=0 arknet-callback
2/3 http 16384 B clients=16 window=16 shared:1 work=0 arknet-callback
2/3 http 16384 B clients=16 window=64 shared:1 work=0 arknet-callback
2/3 https 64 B clients=16 window=1 shared:1 work=0 arknet-callback
2/3 https 64 B clients=16 window=4 shared:1 work=0 arknet-callback
2/3 https 64 B clients=16 window=16 shared:1 work=0 arknet-callback
2/3 https 64 B clients=16 window=64 shared:1 work=0 arknet-callback
2/3 https 1024 B clients=16 window=1 shared:1 work=0 arknet-callback
2/3 https 1024 B clients=16 window=4 shared:1 work=0 arknet-callback
2/3 https 1024 B clients=16 window=16 shared:1 work=0 arknet-callback
2/3 https 1024 B clients=16 window=64 shared:1 work=0 arknet-callback
2/3 https 16384 B clients=16 window=1 shared:1 work=0 arknet-callback
2/3 https 16384 B clients=16 window=4 shared:1 work=0 arknet-callback
2/3 https 16384 B clients=16 window=16 shared:1 work=0 arknet-callback
2/3 https 16384 B clients=16 window=64 shared:1 work=0 arknet-callback
2/3 tcp 64 B clients=16 window=1 shared:4 work=0 arknet-callback
2/3 tcp 64 B clients=16 window=4 shared:4 work=0 arknet-callback
2/3 tcp 64 B clients=16 window=16 shared:4 work=0 arknet-callback
2/3 tcp 64 B clients=16 window=64 shared:4 work=0 arknet-callback
2/3 tcp 1024 B clients=16 window=1 shared:4 work=0 arknet-callback
2/3 tcp 1024 B clients=16 window=4 shared:4 work=0 arknet-callback
2/3 tcp 1024 B clients=16 window=16 shared:4 work=0 arknet-callback
2/3 tcp 1024 B clients=16 window=64 shared:4 work=0 arknet-callback
2/3 tcp 16384 B clients=16 window=1 shared:4 work=0 arknet-callback
2/3 tcp 16384 B clients=16 window=4 shared:4 work=0 arknet-callback
2/3 tcp 16384 B clients=16 window=16 shared:4 work=0 arknet-callback
2/3 tcp 16384 B clients=16 window=64 shared:4 work=0 arknet-callback
2/3 udp 64 B clients=16 window=1 shared:4 work=0 arknet-callback
2/3 udp 64 B clients=16 window=4 shared:4 work=0 arknet-callback
2/3 udp 64 B clients=16 window=16 shared:4 work=0 arknet-callback
2/3 udp 64 B clients=16 window=64 shared:4 work=0 arknet-callback
2/3 udp 1024 B clients=16 window=1 shared:4 work=0 arknet-callback
2/3 udp 1024 B clients=16 window=4 shared:4 work=0 arknet-callback
2/3 udp 1024 B clients=16 window=16 shared:4 work=0 arknet-callback
2/3 udp 1024 B clients=16 window=64 shared:4 work=0 arknet-callback
2/3 udp 16384 B clients=16 window=1 shared:4 work=0 arknet-callback
2/3 udp 16384 B clients=16 window=4 shared:4 work=0 arknet-callback
2/3 udp 16384 B clients=16 window=16 shared:4 work=0 arknet-callback
Failed: benchmark failed with exit code 1. Report: benchmarks/results/macmini-m4pro-20261010-dimensions/boost-callback.json
2/3 udp 16384 B clients=16 window=64 shared:4 work=0 arknet-callback
Failed: benchmark failed with exit code 1. Report: benchmarks/results/macmini-m4pro-20261010-dimensions/boost-callback.json
2/3 websocket 64 B clients=16 window=1 shared:4 work=0 arknet-callback
2/3 websocket 64 B clients=16 window=4 shared:4 work=0 arknet-callback
2/3 websocket 64 B clients=16 window=16 shared:4 work=0 arknet-callback
2/3 websocket 64 B clients=16 window=64 shared:4 work=0 arknet-callback
2/3 websocket 1024 B clients=16 window=1 shared:4 work=0 arknet-callback
2/3 websocket 1024 B clients=16 window=4 shared:4 work=0 arknet-callback
2/3 websocket 1024 B clients=16 window=16 shared:4 work=0 arknet-callback
2/3 websocket 1024 B clients=16 window=64 shared:4 work=0 arknet-callback
2/3 websocket 16384 B clients=16 window=1 shared:4 work=0 arknet-callback
2/3 websocket 16384 B clients=16 window=4 shared:4 work=0 arknet-callback
2/3 websocket 16384 B clients=16 window=16 shared:4 work=0 arknet-callback
2/3 websocket 16384 B clients=16 window=64 shared:4 work=0 arknet-callback
2/3 tcps 64 B clients=16 window=1 shared:4 work=0 arknet-callback
2/3 tcps 64 B clients=16 window=4 shared:4 work=0 arknet-callback
2/3 tcps 64 B clients=16 window=16 shared:4 work=0 arknet-callback
2/3 tcps 64 B clients=16 window=64 shared:4 work=0 arknet-callback
2/3 tcps 1024 B clients=16 window=1 shared:4 work=0 arknet-callback
2/3 tcps 1024 B clients=16 window=4 shared:4 work=0 arknet-callback
2/3 tcps 1024 B clients=16 window=16 shared:4 work=0 arknet-callback
2/3 tcps 1024 B clients=16 window=64 shared:4 work=0 arknet-callback
2/3 tcps 16384 B clients=16 window=1 shared:4 work=0 arknet-callback
2/3 tcps 16384 B clients=16 window=4 shared:4 work=0 arknet-callback
2/3 tcps 16384 B clients=16 window=16 shared:4 work=0 arknet-callback
2/3 tcps 16384 B clients=16 window=64 shared:4 work=0 arknet-callback
2/3 wss 64 B clients=16 window=1 shared:4 work=0 arknet-callback
2/3 wss 64 B clients=16 window=4 shared:4 work=0 arknet-callback
2/3 wss 64 B clients=16 window=16 shared:4 work=0 arknet-callback
2/3 wss 64 B clients=16 window=64 shared:4 work=0 arknet-callback
2/3 wss 1024 B clients=16 window=1 shared:4 work=0 arknet-callback
2/3 wss 1024 B clients=16 window=4 shared:4 work=0 arknet-callback
2/3 wss 1024 B clients=16 window=16 shared:4 work=0 arknet-callback
2/3 wss 1024 B clients=16 window=64 shared:4 work=0 arknet-callback
2/3 wss 16384 B clients=16 window=1 shared:4 work=0 arknet-callback
2/3 wss 16384 B clients=16 window=4 shared:4 work=0 arknet-callback
2/3 wss 16384 B clients=16 window=16 shared:4 work=0 arknet-callback
2/3 wss 16384 B clients=16 window=64 shared:4 work=0 arknet-callback
2/3 http 64 B clients=16 window=1 shared:4 work=0 arknet-callback
2/3 http 64 B clients=16 window=4 shared:4 work=0 arknet-callback
2/3 http 64 B clients=16 window=16 shared:4 work=0 arknet-callback
2/3 http 64 B clients=16 window=64 shared:4 work=0 arknet-callback
2/3 http 1024 B clients=16 window=1 shared:4 work=0 arknet-callback
2/3 http 1024 B clients=16 window=4 shared:4 work=0 arknet-callback
2/3 http 1024 B clients=16 window=16 shared:4 work=0 arknet-callback
2/3 http 1024 B clients=16 window=64 shared:4 work=0 arknet-callback
2/3 http 16384 B clients=16 window=1 shared:4 work=0 arknet-callback
2/3 http 16384 B clients=16 window=4 shared:4 work=0 arknet-callback
2/3 http 16384 B clients=16 window=16 shared:4 work=0 arknet-callback
2/3 http 16384 B clients=16 window=64 shared:4 work=0 arknet-callback
2/3 https 64 B clients=16 window=1 shared:4 work=0 arknet-callback
2/3 https 64 B clients=16 window=4 shared:4 work=0 arknet-callback
2/3 https 64 B clients=16 window=16 shared:4 work=0 arknet-callback
2/3 https 64 B clients=16 window=64 shared:4 work=0 arknet-callback
2/3 https 1024 B clients=16 window=1 shared:4 work=0 arknet-callback
2/3 https 1024 B clients=16 window=4 shared:4 work=0 arknet-callback
2/3 https 1024 B clients=16 window=16 shared:4 work=0 arknet-callback
2/3 https 1024 B clients=16 window=64 shared:4 work=0 arknet-callback
2/3 https 16384 B clients=16 window=1 shared:4 work=0 arknet-callback
2/3 https 16384 B clients=16 window=4 shared:4 work=0 arknet-callback
2/3 https 16384 B clients=16 window=16 shared:4 work=0 arknet-callback
2/3 https 16384 B clients=16 window=64 shared:4 work=0 arknet-callback
2/3 tcp 64 B clients=16 window=1 sharded:4 work=0 arknet-callback
2/3 tcp 64 B clients=16 window=4 sharded:4 work=0 arknet-callback
2/3 tcp 64 B clients=16 window=16 sharded:4 work=0 arknet-callback
2/3 tcp 64 B clients=16 window=64 sharded:4 work=0 arknet-callback
2/3 tcp 1024 B clients=16 window=1 sharded:4 work=0 arknet-callback
2/3 tcp 1024 B clients=16 window=4 sharded:4 work=0 arknet-callback
2/3 tcp 1024 B clients=16 window=16 sharded:4 work=0 arknet-callback
2/3 tcp 1024 B clients=16 window=64 sharded:4 work=0 arknet-callback
2/3 tcp 16384 B clients=16 window=1 sharded:4 work=0 arknet-callback
2/3 tcp 16384 B clients=16 window=4 sharded:4 work=0 arknet-callback
2/3 tcp 16384 B clients=16 window=16 sharded:4 work=0 arknet-callback
2/3 tcp 16384 B clients=16 window=64 sharded:4 work=0 arknet-callback
2/3 udp 64 B clients=16 window=1 sharded:4 work=0 arknet-callback
2/3 udp 64 B clients=16 window=4 sharded:4 work=0 arknet-callback
2/3 udp 64 B clients=16 window=16 sharded:4 work=0 arknet-callback
2/3 udp 64 B clients=16 window=64 sharded:4 work=0 arknet-callback
2/3 udp 1024 B clients=16 window=1 sharded:4 work=0 arknet-callback
2/3 udp 1024 B clients=16 window=4 sharded:4 work=0 arknet-callback
2/3 udp 1024 B clients=16 window=16 sharded:4 work=0 arknet-callback
2/3 udp 1024 B clients=16 window=64 sharded:4 work=0 arknet-callback
2/3 udp 16384 B clients=16 window=1 sharded:4 work=0 arknet-callback
2/3 udp 16384 B clients=16 window=4 sharded:4 work=0 arknet-callback
2/3 udp 16384 B clients=16 window=16 sharded:4 work=0 arknet-callback
Failed: benchmark failed with exit code 1. Report: benchmarks/results/macmini-m4pro-20261010-dimensions/boost-callback.json
2/3 udp 16384 B clients=16 window=64 sharded:4 work=0 arknet-callback
Failed: benchmark failed with exit code 1. Report: benchmarks/results/macmini-m4pro-20261010-dimensions/boost-callback.json
2/3 websocket 64 B clients=16 window=1 sharded:4 work=0 arknet-callback
2/3 websocket 64 B clients=16 window=4 sharded:4 work=0 arknet-callback
2/3 websocket 64 B clients=16 window=16 sharded:4 work=0 arknet-callback
2/3 websocket 64 B clients=16 window=64 sharded:4 work=0 arknet-callback
2/3 websocket 1024 B clients=16 window=1 sharded:4 work=0 arknet-callback
2/3 websocket 1024 B clients=16 window=4 sharded:4 work=0 arknet-callback
2/3 websocket 1024 B clients=16 window=16 sharded:4 work=0 arknet-callback
2/3 websocket 1024 B clients=16 window=64 sharded:4 work=0 arknet-callback
2/3 websocket 16384 B clients=16 window=1 sharded:4 work=0 arknet-callback
2/3 websocket 16384 B clients=16 window=4 sharded:4 work=0 arknet-callback
2/3 websocket 16384 B clients=16 window=16 sharded:4 work=0 arknet-callback
2/3 websocket 16384 B clients=16 window=64 sharded:4 work=0 arknet-callback
2/3 tcps 64 B clients=16 window=1 sharded:4 work=0 arknet-callback
2/3 tcps 64 B clients=16 window=4 sharded:4 work=0 arknet-callback
2/3 tcps 64 B clients=16 window=16 sharded:4 work=0 arknet-callback
2/3 tcps 64 B clients=16 window=64 sharded:4 work=0 arknet-callback
2/3 tcps 1024 B clients=16 window=1 sharded:4 work=0 arknet-callback
2/3 tcps 1024 B clients=16 window=4 sharded:4 work=0 arknet-callback
2/3 tcps 1024 B clients=16 window=16 sharded:4 work=0 arknet-callback
2/3 tcps 1024 B clients=16 window=64 sharded:4 work=0 arknet-callback
2/3 tcps 16384 B clients=16 window=1 sharded:4 work=0 arknet-callback
2/3 tcps 16384 B clients=16 window=4 sharded:4 work=0 arknet-callback
2/3 tcps 16384 B clients=16 window=16 sharded:4 work=0 arknet-callback
2/3 tcps 16384 B clients=16 window=64 sharded:4 work=0 arknet-callback
2/3 wss 64 B clients=16 window=1 sharded:4 work=0 arknet-callback
2/3 wss 64 B clients=16 window=4 sharded:4 work=0 arknet-callback
2/3 wss 64 B clients=16 window=16 sharded:4 work=0 arknet-callback
2/3 wss 64 B clients=16 window=64 sharded:4 work=0 arknet-callback
2/3 wss 1024 B clients=16 window=1 sharded:4 work=0 arknet-callback
2/3 wss 1024 B clients=16 window=4 sharded:4 work=0 arknet-callback
2/3 wss 1024 B clients=16 window=16 sharded:4 work=0 arknet-callback
2/3 wss 1024 B clients=16 window=64 sharded:4 work=0 arknet-callback
2/3 wss 16384 B clients=16 window=1 sharded:4 work=0 arknet-callback
2/3 wss 16384 B clients=16 window=4 sharded:4 work=0 arknet-callback
2/3 wss 16384 B clients=16 window=16 sharded:4 work=0 arknet-callback
2/3 wss 16384 B clients=16 window=64 sharded:4 work=0 arknet-callback
2/3 http 64 B clients=16 window=1 sharded:4 work=0 arknet-callback
2/3 http 64 B clients=16 window=4 sharded:4 work=0 arknet-callback
2/3 http 64 B clients=16 window=16 sharded:4 work=0 arknet-callback
2/3 http 64 B clients=16 window=64 sharded:4 work=0 arknet-callback
2/3 http 1024 B clients=16 window=1 sharded:4 work=0 arknet-callback
2/3 http 1024 B clients=16 window=4 sharded:4 work=0 arknet-callback
2/3 http 1024 B clients=16 window=16 sharded:4 work=0 arknet-callback
2/3 http 1024 B clients=16 window=64 sharded:4 work=0 arknet-callback
2/3 http 16384 B clients=16 window=1 sharded:4 work=0 arknet-callback
2/3 http 16384 B clients=16 window=4 sharded:4 work=0 arknet-callback
2/3 http 16384 B clients=16 window=16 sharded:4 work=0 arknet-callback
2/3 http 16384 B clients=16 window=64 sharded:4 work=0 arknet-callback
2/3 https 64 B clients=16 window=1 sharded:4 work=0 arknet-callback
2/3 https 64 B clients=16 window=4 sharded:4 work=0 arknet-callback
2/3 https 64 B clients=16 window=16 sharded:4 work=0 arknet-callback
2/3 https 64 B clients=16 window=64 sharded:4 work=0 arknet-callback
2/3 https 1024 B clients=16 window=1 sharded:4 work=0 arknet-callback
2/3 https 1024 B clients=16 window=4 sharded:4 work=0 arknet-callback
2/3 https 1024 B clients=16 window=16 sharded:4 work=0 arknet-callback
2/3 https 1024 B clients=16 window=64 sharded:4 work=0 arknet-callback
2/3 https 16384 B clients=16 window=1 sharded:4 work=0 arknet-callback
2/3 https 16384 B clients=16 window=4 sharded:4 work=0 arknet-callback
2/3 https 16384 B clients=16 window=16 sharded:4 work=0 arknet-callback
2/3 https 16384 B clients=16 window=64 sharded:4 work=0 arknet-callback
3/3 tcp 64 B clients=16 window=1 shared:1 work=0 arknet-callback
3/3 tcp 64 B clients=16 window=4 shared:1 work=0 arknet-callback
3/3 tcp 64 B clients=16 window=16 shared:1 work=0 arknet-callback
3/3 tcp 64 B clients=16 window=64 shared:1 work=0 arknet-callback
3/3 tcp 1024 B clients=16 window=1 shared:1 work=0 arknet-callback
3/3 tcp 1024 B clients=16 window=4 shared:1 work=0 arknet-callback
3/3 tcp 1024 B clients=16 window=16 shared:1 work=0 arknet-callback
3/3 tcp 1024 B clients=16 window=64 shared:1 work=0 arknet-callback
3/3 tcp 16384 B clients=16 window=1 shared:1 work=0 arknet-callback
3/3 tcp 16384 B clients=16 window=4 shared:1 work=0 arknet-callback
3/3 tcp 16384 B clients=16 window=16 shared:1 work=0 arknet-callback
3/3 tcp 16384 B clients=16 window=64 shared:1 work=0 arknet-callback
3/3 udp 64 B clients=16 window=1 shared:1 work=0 arknet-callback
3/3 udp 64 B clients=16 window=4 shared:1 work=0 arknet-callback
3/3 udp 64 B clients=16 window=16 shared:1 work=0 arknet-callback
3/3 udp 64 B clients=16 window=64 shared:1 work=0 arknet-callback
3/3 udp 1024 B clients=16 window=1 shared:1 work=0 arknet-callback
3/3 udp 1024 B clients=16 window=4 shared:1 work=0 arknet-callback
3/3 udp 1024 B clients=16 window=16 shared:1 work=0 arknet-callback
3/3 udp 1024 B clients=16 window=64 shared:1 work=0 arknet-callback
3/3 udp 16384 B clients=16 window=1 shared:1 work=0 arknet-callback
3/3 udp 16384 B clients=16 window=4 shared:1 work=0 arknet-callback
3/3 udp 16384 B clients=16 window=16 shared:1 work=0 arknet-callback
3/3 udp 16384 B clients=16 window=64 shared:1 work=0 arknet-callback
Failed: benchmark failed with exit code 1. Report: benchmarks/results/macmini-m4pro-20261010-dimensions/boost-callback.json
3/3 websocket 64 B clients=16 window=1 shared:1 work=0 arknet-callback
3/3 websocket 64 B clients=16 window=4 shared:1 work=0 arknet-callback
3/3 websocket 64 B clients=16 window=16 shared:1 work=0 arknet-callback
3/3 websocket 64 B clients=16 window=64 shared:1 work=0 arknet-callback
3/3 websocket 1024 B clients=16 window=1 shared:1 work=0 arknet-callback
3/3 websocket 1024 B clients=16 window=4 shared:1 work=0 arknet-callback
3/3 websocket 1024 B clients=16 window=16 shared:1 work=0 arknet-callback
3/3 websocket 1024 B clients=16 window=64 shared:1 work=0 arknet-callback
3/3 websocket 16384 B clients=16 window=1 shared:1 work=0 arknet-callback
3/3 websocket 16384 B clients=16 window=4 shared:1 work=0 arknet-callback
3/3 websocket 16384 B clients=16 window=16 shared:1 work=0 arknet-callback
3/3 websocket 16384 B clients=16 window=64 shared:1 work=0 arknet-callback
3/3 tcps 64 B clients=16 window=1 shared:1 work=0 arknet-callback
3/3 tcps 64 B clients=16 window=4 shared:1 work=0 arknet-callback
3/3 tcps 64 B clients=16 window=16 shared:1 work=0 arknet-callback
3/3 tcps 64 B clients=16 window=64 shared:1 work=0 arknet-callback
3/3 tcps 1024 B clients=16 window=1 shared:1 work=0 arknet-callback
3/3 tcps 1024 B clients=16 window=4 shared:1 work=0 arknet-callback
3/3 tcps 1024 B clients=16 window=16 shared:1 work=0 arknet-callback
3/3 tcps 1024 B clients=16 window=64 shared:1 work=0 arknet-callback
3/3 tcps 16384 B clients=16 window=1 shared:1 work=0 arknet-callback
3/3 tcps 16384 B clients=16 window=4 shared:1 work=0 arknet-callback
3/3 tcps 16384 B clients=16 window=16 shared:1 work=0 arknet-callback
3/3 tcps 16384 B clients=16 window=64 shared:1 work=0 arknet-callback
3/3 wss 64 B clients=16 window=1 shared:1 work=0 arknet-callback
3/3 wss 64 B clients=16 window=4 shared:1 work=0 arknet-callback
3/3 wss 64 B clients=16 window=16 shared:1 work=0 arknet-callback
3/3 wss 64 B clients=16 window=64 shared:1 work=0 arknet-callback
3/3 wss 1024 B clients=16 window=1 shared:1 work=0 arknet-callback
3/3 wss 1024 B clients=16 window=4 shared:1 work=0 arknet-callback
3/3 wss 1024 B clients=16 window=16 shared:1 work=0 arknet-callback
3/3 wss 1024 B clients=16 window=64 shared:1 work=0 arknet-callback
3/3 wss 16384 B clients=16 window=1 shared:1 work=0 arknet-callback
3/3 wss 16384 B clients=16 window=4 shared:1 work=0 arknet-callback
3/3 wss 16384 B clients=16 window=16 shared:1 work=0 arknet-callback
3/3 wss 16384 B clients=16 window=64 shared:1 work=0 arknet-callback
3/3 http 64 B clients=16 window=1 shared:1 work=0 arknet-callback
3/3 http 64 B clients=16 window=4 shared:1 work=0 arknet-callback
3/3 http 64 B clients=16 window=16 shared:1 work=0 arknet-callback
3/3 http 64 B clients=16 window=64 shared:1 work=0 arknet-callback
3/3 http 1024 B clients=16 window=1 shared:1 work=0 arknet-callback
3/3 http 1024 B clients=16 window=4 shared:1 work=0 arknet-callback
3/3 http 1024 B clients=16 window=16 shared:1 work=0 arknet-callback
3/3 http 1024 B clients=16 window=64 shared:1 work=0 arknet-callback
3/3 http 16384 B clients=16 window=1 shared:1 work=0 arknet-callback
3/3 http 16384 B clients=16 window=4 shared:1 work=0 arknet-callback
3/3 http 16384 B clients=16 window=16 shared:1 work=0 arknet-callback
3/3 http 16384 B clients=16 window=64 shared:1 work=0 arknet-callback
3/3 https 64 B clients=16 window=1 shared:1 work=0 arknet-callback
3/3 https 64 B clients=16 window=4 shared:1 work=0 arknet-callback
3/3 https 64 B clients=16 window=16 shared:1 work=0 arknet-callback
3/3 https 64 B clients=16 window=64 shared:1 work=0 arknet-callback
3/3 https 1024 B clients=16 window=1 shared:1 work=0 arknet-callback
3/3 https 1024 B clients=16 window=4 shared:1 work=0 arknet-callback
3/3 https 1024 B clients=16 window=16 shared:1 work=0 arknet-callback
3/3 https 1024 B clients=16 window=64 shared:1 work=0 arknet-callback
3/3 https 16384 B clients=16 window=1 shared:1 work=0 arknet-callback
3/3 https 16384 B clients=16 window=4 shared:1 work=0 arknet-callback
3/3 https 16384 B clients=16 window=16 shared:1 work=0 arknet-callback
3/3 https 16384 B clients=16 window=64 shared:1 work=0 arknet-callback
3/3 tcp 64 B clients=16 window=1 shared:4 work=0 arknet-callback
3/3 tcp 64 B clients=16 window=4 shared:4 work=0 arknet-callback
3/3 tcp 64 B clients=16 window=16 shared:4 work=0 arknet-callback
3/3 tcp 64 B clients=16 window=64 shared:4 work=0 arknet-callback
3/3 tcp 1024 B clients=16 window=1 shared:4 work=0 arknet-callback
3/3 tcp 1024 B clients=16 window=4 shared:4 work=0 arknet-callback
3/3 tcp 1024 B clients=16 window=16 shared:4 work=0 arknet-callback
3/3 tcp 1024 B clients=16 window=64 shared:4 work=0 arknet-callback
3/3 tcp 16384 B clients=16 window=1 shared:4 work=0 arknet-callback
3/3 tcp 16384 B clients=16 window=4 shared:4 work=0 arknet-callback
3/3 tcp 16384 B clients=16 window=16 shared:4 work=0 arknet-callback
3/3 tcp 16384 B clients=16 window=64 shared:4 work=0 arknet-callback
3/3 udp 64 B clients=16 window=1 shared:4 work=0 arknet-callback
3/3 udp 64 B clients=16 window=4 shared:4 work=0 arknet-callback
3/3 udp 64 B clients=16 window=16 shared:4 work=0 arknet-callback
3/3 udp 64 B clients=16 window=64 shared:4 work=0 arknet-callback
3/3 udp 1024 B clients=16 window=1 shared:4 work=0 arknet-callback
3/3 udp 1024 B clients=16 window=4 shared:4 work=0 arknet-callback
3/3 udp 1024 B clients=16 window=16 shared:4 work=0 arknet-callback
3/3 udp 1024 B clients=16 window=64 shared:4 work=0 arknet-callback
3/3 udp 16384 B clients=16 window=1 shared:4 work=0 arknet-callback
3/3 udp 16384 B clients=16 window=4 shared:4 work=0 arknet-callback
3/3 udp 16384 B clients=16 window=16 shared:4 work=0 arknet-callback
Failed: benchmark failed with exit code 1. Report: benchmarks/results/macmini-m4pro-20261010-dimensions/boost-callback.json
3/3 udp 16384 B clients=16 window=64 shared:4 work=0 arknet-callback
Failed: benchmark failed with exit code 1. Report: benchmarks/results/macmini-m4pro-20261010-dimensions/boost-callback.json
3/3 websocket 64 B clients=16 window=1 shared:4 work=0 arknet-callback
3/3 websocket 64 B clients=16 window=4 shared:4 work=0 arknet-callback
3/3 websocket 64 B clients=16 window=16 shared:4 work=0 arknet-callback
3/3 websocket 64 B clients=16 window=64 shared:4 work=0 arknet-callback
3/3 websocket 1024 B clients=16 window=1 shared:4 work=0 arknet-callback
3/3 websocket 1024 B clients=16 window=4 shared:4 work=0 arknet-callback
3/3 websocket 1024 B clients=16 window=16 shared:4 work=0 arknet-callback
3/3 websocket 1024 B clients=16 window=64 shared:4 work=0 arknet-callback
3/3 websocket 16384 B clients=16 window=1 shared:4 work=0 arknet-callback
3/3 websocket 16384 B clients=16 window=4 shared:4 work=0 arknet-callback
3/3 websocket 16384 B clients=16 window=16 shared:4 work=0 arknet-callback
3/3 websocket 16384 B clients=16 window=64 shared:4 work=0 arknet-callback
3/3 tcps 64 B clients=16 window=1 shared:4 work=0 arknet-callback
3/3 tcps 64 B clients=16 window=4 shared:4 work=0 arknet-callback
3/3 tcps 64 B clients=16 window=16 shared:4 work=0 arknet-callback
3/3 tcps 64 B clients=16 window=64 shared:4 work=0 arknet-callback
3/3 tcps 1024 B clients=16 window=1 shared:4 work=0 arknet-callback
3/3 tcps 1024 B clients=16 window=4 shared:4 work=0 arknet-callback
3/3 tcps 1024 B clients=16 window=16 shared:4 work=0 arknet-callback
3/3 tcps 1024 B clients=16 window=64 shared:4 work=0 arknet-callback
3/3 tcps 16384 B clients=16 window=1 shared:4 work=0 arknet-callback
3/3 tcps 16384 B clients=16 window=4 shared:4 work=0 arknet-callback
3/3 tcps 16384 B clients=16 window=16 shared:4 work=0 arknet-callback
3/3 tcps 16384 B clients=16 window=64 shared:4 work=0 arknet-callback
3/3 wss 64 B clients=16 window=1 shared:4 work=0 arknet-callback
3/3 wss 64 B clients=16 window=4 shared:4 work=0 arknet-callback
3/3 wss 64 B clients=16 window=16 shared:4 work=0 arknet-callback
3/3 wss 64 B clients=16 window=64 shared:4 work=0 arknet-callback
3/3 wss 1024 B clients=16 window=1 shared:4 work=0 arknet-callback
3/3 wss 1024 B clients=16 window=4 shared:4 work=0 arknet-callback
3/3 wss 1024 B clients=16 window=16 shared:4 work=0 arknet-callback
3/3 wss 1024 B clients=16 window=64 shared:4 work=0 arknet-callback
3/3 wss 16384 B clients=16 window=1 shared:4 work=0 arknet-callback
3/3 wss 16384 B clients=16 window=4 shared:4 work=0 arknet-callback
3/3 wss 16384 B clients=16 window=16 shared:4 work=0 arknet-callback
3/3 wss 16384 B clients=16 window=64 shared:4 work=0 arknet-callback
3/3 http 64 B clients=16 window=1 shared:4 work=0 arknet-callback
3/3 http 64 B clients=16 window=4 shared:4 work=0 arknet-callback
3/3 http 64 B clients=16 window=16 shared:4 work=0 arknet-callback
3/3 http 64 B clients=16 window=64 shared:4 work=0 arknet-callback
3/3 http 1024 B clients=16 window=1 shared:4 work=0 arknet-callback
3/3 http 1024 B clients=16 window=4 shared:4 work=0 arknet-callback
3/3 http 1024 B clients=16 window=16 shared:4 work=0 arknet-callback
3/3 http 1024 B clients=16 window=64 shared:4 work=0 arknet-callback
3/3 http 16384 B clients=16 window=1 shared:4 work=0 arknet-callback
3/3 http 16384 B clients=16 window=4 shared:4 work=0 arknet-callback
3/3 http 16384 B clients=16 window=16 shared:4 work=0 arknet-callback
3/3 http 16384 B clients=16 window=64 shared:4 work=0 arknet-callback
3/3 https 64 B clients=16 window=1 shared:4 work=0 arknet-callback
3/3 https 64 B clients=16 window=4 shared:4 work=0 arknet-callback
3/3 https 64 B clients=16 window=16 shared:4 work=0 arknet-callback
3/3 https 64 B clients=16 window=64 shared:4 work=0 arknet-callback
3/3 https 1024 B clients=16 window=1 shared:4 work=0 arknet-callback
3/3 https 1024 B clients=16 window=4 shared:4 work=0 arknet-callback
3/3 https 1024 B clients=16 window=16 shared:4 work=0 arknet-callback
3/3 https 1024 B clients=16 window=64 shared:4 work=0 arknet-callback
3/3 https 16384 B clients=16 window=1 shared:4 work=0 arknet-callback
3/3 https 16384 B clients=16 window=4 shared:4 work=0 arknet-callback
3/3 https 16384 B clients=16 window=16 shared:4 work=0 arknet-callback
3/3 https 16384 B clients=16 window=64 shared:4 work=0 arknet-callback
3/3 tcp 64 B clients=16 window=1 sharded:4 work=0 arknet-callback
3/3 tcp 64 B clients=16 window=4 sharded:4 work=0 arknet-callback
3/3 tcp 64 B clients=16 window=16 sharded:4 work=0 arknet-callback
3/3 tcp 64 B clients=16 window=64 sharded:4 work=0 arknet-callback
3/3 tcp 1024 B clients=16 window=1 sharded:4 work=0 arknet-callback
3/3 tcp 1024 B clients=16 window=4 sharded:4 work=0 arknet-callback
3/3 tcp 1024 B clients=16 window=16 sharded:4 work=0 arknet-callback
3/3 tcp 1024 B clients=16 window=64 sharded:4 work=0 arknet-callback
3/3 tcp 16384 B clients=16 window=1 sharded:4 work=0 arknet-callback
3/3 tcp 16384 B clients=16 window=4 sharded:4 work=0 arknet-callback
3/3 tcp 16384 B clients=16 window=16 sharded:4 work=0 arknet-callback
3/3 tcp 16384 B clients=16 window=64 sharded:4 work=0 arknet-callback
3/3 udp 64 B clients=16 window=1 sharded:4 work=0 arknet-callback
3/3 udp 64 B clients=16 window=4 sharded:4 work=0 arknet-callback
3/3 udp 64 B clients=16 window=16 sharded:4 work=0 arknet-callback
3/3 udp 64 B clients=16 window=64 sharded:4 work=0 arknet-callback
3/3 udp 1024 B clients=16 window=1 sharded:4 work=0 arknet-callback
3/3 udp 1024 B clients=16 window=4 sharded:4 work=0 arknet-callback
3/3 udp 1024 B clients=16 window=16 sharded:4 work=0 arknet-callback
3/3 udp 1024 B clients=16 window=64 sharded:4 work=0 arknet-callback
3/3 udp 16384 B clients=16 window=1 sharded:4 work=0 arknet-callback
3/3 udp 16384 B clients=16 window=4 sharded:4 work=0 arknet-callback
3/3 udp 16384 B clients=16 window=16 sharded:4 work=0 arknet-callback
Failed: benchmark failed with exit code 1. Report: benchmarks/results/macmini-m4pro-20261010-dimensions/boost-callback.json
3/3 udp 16384 B clients=16 window=64 sharded:4 work=0 arknet-callback
Failed: benchmark failed with exit code 1. Report: benchmarks/results/macmini-m4pro-20261010-dimensions/boost-callback.json
3/3 websocket 64 B clients=16 window=1 sharded:4 work=0 arknet-callback
3/3 websocket 64 B clients=16 window=4 sharded:4 work=0 arknet-callback
3/3 websocket 64 B clients=16 window=16 sharded:4 work=0 arknet-callback
3/3 websocket 64 B clients=16 window=64 sharded:4 work=0 arknet-callback
3/3 websocket 1024 B clients=16 window=1 sharded:4 work=0 arknet-callback
3/3 websocket 1024 B clients=16 window=4 sharded:4 work=0 arknet-callback
3/3 websocket 1024 B clients=16 window=16 sharded:4 work=0 arknet-callback
3/3 websocket 1024 B clients=16 window=64 sharded:4 work=0 arknet-callback
3/3 websocket 16384 B clients=16 window=1 sharded:4 work=0 arknet-callback
3/3 websocket 16384 B clients=16 window=4 sharded:4 work=0 arknet-callback
3/3 websocket 16384 B clients=16 window=16 sharded:4 work=0 arknet-callback
3/3 websocket 16384 B clients=16 window=64 sharded:4 work=0 arknet-callback
3/3 tcps 64 B clients=16 window=1 sharded:4 work=0 arknet-callback
3/3 tcps 64 B clients=16 window=4 sharded:4 work=0 arknet-callback
3/3 tcps 64 B clients=16 window=16 sharded:4 work=0 arknet-callback
3/3 tcps 64 B clients=16 window=64 sharded:4 work=0 arknet-callback
3/3 tcps 1024 B clients=16 window=1 sharded:4 work=0 arknet-callback
3/3 tcps 1024 B clients=16 window=4 sharded:4 work=0 arknet-callback
3/3 tcps 1024 B clients=16 window=16 sharded:4 work=0 arknet-callback
3/3 tcps 1024 B clients=16 window=64 sharded:4 work=0 arknet-callback
3/3 tcps 16384 B clients=16 window=1 sharded:4 work=0 arknet-callback
3/3 tcps 16384 B clients=16 window=4 sharded:4 work=0 arknet-callback
3/3 tcps 16384 B clients=16 window=16 sharded:4 work=0 arknet-callback
3/3 tcps 16384 B clients=16 window=64 sharded:4 work=0 arknet-callback
3/3 wss 64 B clients=16 window=1 sharded:4 work=0 arknet-callback
3/3 wss 64 B clients=16 window=4 sharded:4 work=0 arknet-callback
3/3 wss 64 B clients=16 window=16 sharded:4 work=0 arknet-callback
3/3 wss 64 B clients=16 window=64 sharded:4 work=0 arknet-callback
3/3 wss 1024 B clients=16 window=1 sharded:4 work=0 arknet-callback
3/3 wss 1024 B clients=16 window=4 sharded:4 work=0 arknet-callback
3/3 wss 1024 B clients=16 window=16 sharded:4 work=0 arknet-callback
3/3 wss 1024 B clients=16 window=64 sharded:4 work=0 arknet-callback
3/3 wss 16384 B clients=16 window=1 sharded:4 work=0 arknet-callback
3/3 wss 16384 B clients=16 window=4 sharded:4 work=0 arknet-callback
3/3 wss 16384 B clients=16 window=16 sharded:4 work=0 arknet-callback
3/3 wss 16384 B clients=16 window=64 sharded:4 work=0 arknet-callback
3/3 http 64 B clients=16 window=1 sharded:4 work=0 arknet-callback
3/3 http 64 B clients=16 window=4 sharded:4 work=0 arknet-callback
3/3 http 64 B clients=16 window=16 sharded:4 work=0 arknet-callback
3/3 http 64 B clients=16 window=64 sharded:4 work=0 arknet-callback
3/3 http 1024 B clients=16 window=1 sharded:4 work=0 arknet-callback
3/3 http 1024 B clients=16 window=4 sharded:4 work=0 arknet-callback
3/3 http 1024 B clients=16 window=16 sharded:4 work=0 arknet-callback
3/3 http 1024 B clients=16 window=64 sharded:4 work=0 arknet-callback
3/3 http 16384 B clients=16 window=1 sharded:4 work=0 arknet-callback
3/3 http 16384 B clients=16 window=4 sharded:4 work=0 arknet-callback
3/3 http 16384 B clients=16 window=16 sharded:4 work=0 arknet-callback
3/3 http 16384 B clients=16 window=64 sharded:4 work=0 arknet-callback
3/3 https 64 B clients=16 window=1 sharded:4 work=0 arknet-callback
3/3 https 64 B clients=16 window=4 sharded:4 work=0 arknet-callback
3/3 https 64 B clients=16 window=16 sharded:4 work=0 arknet-callback
3/3 https 64 B clients=16 window=64 sharded:4 work=0 arknet-callback
3/3 https 1024 B clients=16 window=1 sharded:4 work=0 arknet-callback
3/3 https 1024 B clients=16 window=4 sharded:4 work=0 arknet-callback
3/3 https 1024 B clients=16 window=16 sharded:4 work=0 arknet-callback
3/3 https 1024 B clients=16 window=64 sharded:4 work=0 arknet-callback
3/3 https 16384 B clients=16 window=1 sharded:4 work=0 arknet-callback
3/3 https 16384 B clients=16 window=4 sharded:4 work=0 arknet-callback
3/3 https 16384 B clients=16 window=16 sharded:4 work=0 arknet-callback
3/3 https 16384 B clients=16 window=64 sharded:4 work=0 arknet-callback
Saved 756 measurements to benchmarks/results/macmini-m4pro-20261010-dimensions/boost-callback.json
