1 tcp 64 B clients=16 window=1 shared:1 work=0 callback
1 tcp 64 B clients=16 window=1 shared:1 work=0 coroutine
1 tcp 64 B clients=16 window=4 shared:1 work=0 callback
1 tcp 64 B clients=16 window=4 shared:1 work=0 coroutine
1 tcp 64 B clients=16 window=16 shared:1 work=0 callback
1 tcp 64 B clients=16 window=16 shared:1 work=0 coroutine
1 tcp 64 B clients=16 window=64 shared:1 work=0 callback
1 tcp 64 B clients=16 window=64 shared:1 work=0 coroutine
1 tcp 1024 B clients=16 window=1 shared:1 work=0 callback
1 tcp 1024 B clients=16 window=1 shared:1 work=0 coroutine
1 tcp 1024 B clients=16 window=4 shared:1 work=0 callback
1 tcp 1024 B clients=16 window=4 shared:1 work=0 coroutine
1 tcp 1024 B clients=16 window=16 shared:1 work=0 callback
1 tcp 1024 B clients=16 window=16 shared:1 work=0 coroutine
1 tcp 1024 B clients=16 window=64 shared:1 work=0 callback
1 tcp 1024 B clients=16 window=64 shared:1 work=0 coroutine
1 tcp 16384 B clients=16 window=1 shared:1 work=0 callback
1 tcp 16384 B clients=16 window=1 shared:1 work=0 coroutine
1 tcp 16384 B clients=16 window=4 shared:1 work=0 callback
1 tcp 16384 B clients=16 window=4 shared:1 work=0 coroutine
1 tcp 16384 B clients=16 window=16 shared:1 work=0 callback
1 tcp 16384 B clients=16 window=16 shared:1 work=0 coroutine
1 tcp 16384 B clients=16 window=64 shared:1 work=0 callback
1 tcp 16384 B clients=16 window=64 shared:1 work=0 coroutine
1 tcp 64 B clients=16 window=1 shared:1 work=10000 callback
1 tcp 64 B clients=16 window=1 shared:1 work=10000 coroutine
1 tcp 64 B clients=16 window=4 shared:1 work=10000 callback
1 tcp 64 B clients=16 window=4 shared:1 work=10000 coroutine
1 tcp 64 B clients=16 window=16 shared:1 work=10000 callback
1 tcp 64 B clients=16 window=16 shared:1 work=10000 coroutine
1 tcp 64 B clients=16 window=64 shared:1 work=10000 callback
1 tcp 64 B clients=16 window=64 shared:1 work=10000 coroutine
1 tcp 1024 B clients=16 window=1 shared:1 work=10000 callback
1 tcp 1024 B clients=16 window=1 shared:1 work=10000 coroutine
1 tcp 1024 B clients=16 window=4 shared:1 work=10000 callback
1 tcp 1024 B clients=16 window=4 shared:1 work=10000 coroutine
1 tcp 1024 B clients=16 window=16 shared:1 work=10000 callback
1 tcp 1024 B clients=16 window=16 shared:1 work=10000 coroutine
1 tcp 1024 B clients=16 window=64 shared:1 work=10000 callback
1 tcp 1024 B clients=16 window=64 shared:1 work=10000 coroutine
1 tcp 16384 B clients=16 window=1 shared:1 work=10000 callback
1 tcp 16384 B clients=16 window=1 shared:1 work=10000 coroutine
1 tcp 16384 B clients=16 window=4 shared:1 work=10000 callback
1 tcp 16384 B clients=16 window=4 shared:1 work=10000 coroutine
1 tcp 16384 B clients=16 window=16 shared:1 work=10000 callback
1 tcp 16384 B clients=16 window=16 shared:1 work=10000 coroutine
1 tcp 16384 B clients=16 window=64 shared:1 work=10000 callback
1 tcp 16384 B clients=16 window=64 shared:1 work=10000 coroutine
1 tcp 64 B clients=16 window=1 shared:4 work=0 callback
1 tcp 64 B clients=16 window=1 shared:4 work=0 coroutine
1 tcp 64 B clients=16 window=4 shared:4 work=0 callback
1 tcp 64 B clients=16 window=4 shared:4 work=0 coroutine
1 tcp 64 B clients=16 window=16 shared:4 work=0 callback
1 tcp 64 B clients=16 window=16 shared:4 work=0 coroutine
1 tcp 64 B clients=16 window=64 shared:4 work=0 callback
1 tcp 64 B clients=16 window=64 shared:4 work=0 coroutine
1 tcp 1024 B clients=16 window=1 shared:4 work=0 callback
1 tcp 1024 B clients=16 window=1 shared:4 work=0 coroutine
1 tcp 1024 B clients=16 window=4 shared:4 work=0 callback
1 tcp 1024 B clients=16 window=4 shared:4 work=0 coroutine
1 tcp 1024 B clients=16 window=16 shared:4 work=0 callback
1 tcp 1024 B clients=16 window=16 shared:4 work=0 coroutine
1 tcp 1024 B clients=16 window=64 shared:4 work=0 callback
1 tcp 1024 B clients=16 window=64 shared:4 work=0 coroutine
1 tcp 16384 B clients=16 window=1 shared:4 work=0 callback
1 tcp 16384 B clients=16 window=1 shared:4 work=0 coroutine
1 tcp 16384 B clients=16 window=4 shared:4 work=0 callback
1 tcp 16384 B clients=16 window=4 shared:4 work=0 coroutine
1 tcp 16384 B clients=16 window=16 shared:4 work=0 callback
1 tcp 16384 B clients=16 window=16 shared:4 work=0 coroutine
1 tcp 16384 B clients=16 window=64 shared:4 work=0 callback
1 tcp 16384 B clients=16 window=64 shared:4 work=0 coroutine
1 tcp 64 B clients=16 window=1 shared:4 work=10000 callback
1 tcp 64 B clients=16 window=1 shared:4 work=10000 coroutine
1 tcp 64 B clients=16 window=4 shared:4 work=10000 callback
1 tcp 64 B clients=16 window=4 shared:4 work=10000 coroutine
1 tcp 64 B clients=16 window=16 shared:4 work=10000 callback
1 tcp 64 B clients=16 window=16 shared:4 work=10000 coroutine
1 tcp 64 B clients=16 window=64 shared:4 work=10000 callback
1 tcp 64 B clients=16 window=64 shared:4 work=10000 coroutine
1 tcp 1024 B clients=16 window=1 shared:4 work=10000 callback
1 tcp 1024 B clients=16 window=1 shared:4 work=10000 coroutine
1 tcp 1024 B clients=16 window=4 shared:4 work=10000 callback
1 tcp 1024 B clients=16 window=4 shared:4 work=10000 coroutine
1 tcp 1024 B clients=16 window=16 shared:4 work=10000 callback
1 tcp 1024 B clients=16 window=16 shared:4 work=10000 coroutine
1 tcp 1024 B clients=16 window=64 shared:4 work=10000 callback
1 tcp 1024 B clients=16 window=64 shared:4 work=10000 coroutine
1 tcp 16384 B clients=16 window=1 shared:4 work=10000 callback
1 tcp 16384 B clients=16 window=1 shared:4 work=10000 coroutine
1 tcp 16384 B clients=16 window=4 shared:4 work=10000 callback
1 tcp 16384 B clients=16 window=4 shared:4 work=10000 coroutine
1 tcp 16384 B clients=16 window=16 shared:4 work=10000 callback
1 tcp 16384 B clients=16 window=16 shared:4 work=10000 coroutine
1 tcp 16384 B clients=16 window=64 shared:4 work=10000 callback
1 tcp 16384 B clients=16 window=64 shared:4 work=10000 coroutine
1 tcp 64 B clients=16 window=1 sharded:4 work=0 callback
1 tcp 64 B clients=16 window=1 sharded:4 work=0 coroutine
1 tcp 64 B clients=16 window=4 sharded:4 work=0 callback
1 tcp 64 B clients=16 window=4 sharded:4 work=0 coroutine
1 tcp 64 B clients=16 window=16 sharded:4 work=0 callback
1 tcp 64 B clients=16 window=16 sharded:4 work=0 coroutine
1 tcp 64 B clients=16 window=64 sharded:4 work=0 callback
1 tcp 64 B clients=16 window=64 sharded:4 work=0 coroutine
1 tcp 1024 B clients=16 window=1 sharded:4 work=0 callback
1 tcp 1024 B clients=16 window=1 sharded:4 work=0 coroutine
1 tcp 1024 B clients=16 window=4 sharded:4 work=0 callback
1 tcp 1024 B clients=16 window=4 sharded:4 work=0 coroutine
1 tcp 1024 B clients=16 window=16 sharded:4 work=0 callback
1 tcp 1024 B clients=16 window=16 sharded:4 work=0 coroutine
1 tcp 1024 B clients=16 window=64 sharded:4 work=0 callback
1 tcp 1024 B clients=16 window=64 sharded:4 work=0 coroutine
1 tcp 16384 B clients=16 window=1 sharded:4 work=0 callback
1 tcp 16384 B clients=16 window=1 sharded:4 work=0 coroutine
1 tcp 16384 B clients=16 window=4 sharded:4 work=0 callback
1 tcp 16384 B clients=16 window=4 sharded:4 work=0 coroutine
1 tcp 16384 B clients=16 window=16 sharded:4 work=0 callback
1 tcp 16384 B clients=16 window=16 sharded:4 work=0 coroutine
1 tcp 16384 B clients=16 window=64 sharded:4 work=0 callback
1 tcp 16384 B clients=16 window=64 sharded:4 work=0 coroutine
1 tcp 64 B clients=16 window=1 sharded:4 work=10000 callback
1 tcp 64 B clients=16 window=1 sharded:4 work=10000 coroutine
1 tcp 64 B clients=16 window=4 sharded:4 work=10000 callback
1 tcp 64 B clients=16 window=4 sharded:4 work=10000 coroutine
1 tcp 64 B clients=16 window=16 sharded:4 work=10000 callback
1 tcp 64 B clients=16 window=16 sharded:4 work=10000 coroutine
1 tcp 64 B clients=16 window=64 sharded:4 work=10000 callback
1 tcp 64 B clients=16 window=64 sharded:4 work=10000 coroutine
1 tcp 1024 B clients=16 window=1 sharded:4 work=10000 callback
1 tcp 1024 B clients=16 window=1 sharded:4 work=10000 coroutine
1 tcp 1024 B clients=16 window=4 sharded:4 work=10000 callback
1 tcp 1024 B clients=16 window=4 sharded:4 work=10000 coroutine
1 tcp 1024 B clients=16 window=16 sharded:4 work=10000 callback
1 tcp 1024 B clients=16 window=16 sharded:4 work=10000 coroutine
1 tcp 1024 B clients=16 window=64 sharded:4 work=10000 callback
1 tcp 1024 B clients=16 window=64 sharded:4 work=10000 coroutine
1 tcp 16384 B clients=16 window=1 sharded:4 work=10000 callback
1 tcp 16384 B clients=16 window=1 sharded:4 work=10000 coroutine
1 tcp 16384 B clients=16 window=4 sharded:4 work=10000 callback
1 tcp 16384 B clients=16 window=4 sharded:4 work=10000 coroutine
1 tcp 16384 B clients=16 window=16 sharded:4 work=10000 callback
1 tcp 16384 B clients=16 window=16 sharded:4 work=10000 coroutine
1 tcp 16384 B clients=16 window=64 sharded:4 work=10000 callback
1 tcp 16384 B clients=16 window=64 sharded:4 work=10000 coroutine
2 tcp 64 B clients=16 window=1 shared:1 work=0 coroutine
2 tcp 64 B clients=16 window=1 shared:1 work=0 callback
2 tcp 64 B clients=16 window=4 shared:1 work=0 coroutine
2 tcp 64 B clients=16 window=4 shared:1 work=0 callback
2 tcp 64 B clients=16 window=16 shared:1 work=0 coroutine
2 tcp 64 B clients=16 window=16 shared:1 work=0 callback
2 tcp 64 B clients=16 window=64 shared:1 work=0 coroutine
2 tcp 64 B clients=16 window=64 shared:1 work=0 callback
2 tcp 1024 B clients=16 window=1 shared:1 work=0 coroutine
2 tcp 1024 B clients=16 window=1 shared:1 work=0 callback
2 tcp 1024 B clients=16 window=4 shared:1 work=0 coroutine
2 tcp 1024 B clients=16 window=4 shared:1 work=0 callback
2 tcp 1024 B clients=16 window=16 shared:1 work=0 coroutine
2 tcp 1024 B clients=16 window=16 shared:1 work=0 callback
2 tcp 1024 B clients=16 window=64 shared:1 work=0 coroutine
2 tcp 1024 B clients=16 window=64 shared:1 work=0 callback
2 tcp 16384 B clients=16 window=1 shared:1 work=0 coroutine
2 tcp 16384 B clients=16 window=1 shared:1 work=0 callback
2 tcp 16384 B clients=16 window=4 shared:1 work=0 coroutine
2 tcp 16384 B clients=16 window=4 shared:1 work=0 callback
2 tcp 16384 B clients=16 window=16 shared:1 work=0 coroutine
2 tcp 16384 B clients=16 window=16 shared:1 work=0 callback
2 tcp 16384 B clients=16 window=64 shared:1 work=0 coroutine
2 tcp 16384 B clients=16 window=64 shared:1 work=0 callback
2 tcp 64 B clients=16 window=1 shared:1 work=10000 coroutine
2 tcp 64 B clients=16 window=1 shared:1 work=10000 callback
2 tcp 64 B clients=16 window=4 shared:1 work=10000 coroutine
2 tcp 64 B clients=16 window=4 shared:1 work=10000 callback
2 tcp 64 B clients=16 window=16 shared:1 work=10000 coroutine
2 tcp 64 B clients=16 window=16 shared:1 work=10000 callback
2 tcp 64 B clients=16 window=64 shared:1 work=10000 coroutine
2 tcp 64 B clients=16 window=64 shared:1 work=10000 callback
2 tcp 1024 B clients=16 window=1 shared:1 work=10000 coroutine
2 tcp 1024 B clients=16 window=1 shared:1 work=10000 callback
2 tcp 1024 B clients=16 window=4 shared:1 work=10000 coroutine
2 tcp 1024 B clients=16 window=4 shared:1 work=10000 callback
2 tcp 1024 B clients=16 window=16 shared:1 work=10000 coroutine
2 tcp 1024 B clients=16 window=16 shared:1 work=10000 callback
2 tcp 1024 B clients=16 window=64 shared:1 work=10000 coroutine
2 tcp 1024 B clients=16 window=64 shared:1 work=10000 callback
2 tcp 16384 B clients=16 window=1 shared:1 work=10000 coroutine
2 tcp 16384 B clients=16 window=1 shared:1 work=10000 callback
2 tcp 16384 B clients=16 window=4 shared:1 work=10000 coroutine
2 tcp 16384 B clients=16 window=4 shared:1 work=10000 callback
2 tcp 16384 B clients=16 window=16 shared:1 work=10000 coroutine
2 tcp 16384 B clients=16 window=16 shared:1 work=10000 callback
2 tcp 16384 B clients=16 window=64 shared:1 work=10000 coroutine
2 tcp 16384 B clients=16 window=64 shared:1 work=10000 callback
2 tcp 64 B clients=16 window=1 shared:4 work=0 coroutine
2 tcp 64 B clients=16 window=1 shared:4 work=0 callback
2 tcp 64 B clients=16 window=4 shared:4 work=0 coroutine
2 tcp 64 B clients=16 window=4 shared:4 work=0 callback
2 tcp 64 B clients=16 window=16 shared:4 work=0 coroutine
2 tcp 64 B clients=16 window=16 shared:4 work=0 callback
2 tcp 64 B clients=16 window=64 shared:4 work=0 coroutine
2 tcp 64 B clients=16 window=64 shared:4 work=0 callback
2 tcp 1024 B clients=16 window=1 shared:4 work=0 coroutine
2 tcp 1024 B clients=16 window=1 shared:4 work=0 callback
2 tcp 1024 B clients=16 window=4 shared:4 work=0 coroutine
2 tcp 1024 B clients=16 window=4 shared:4 work=0 callback
2 tcp 1024 B clients=16 window=16 shared:4 work=0 coroutine
2 tcp 1024 B clients=16 window=16 shared:4 work=0 callback
2 tcp 1024 B clients=16 window=64 shared:4 work=0 coroutine
2 tcp 1024 B clients=16 window=64 shared:4 work=0 callback
2 tcp 16384 B clients=16 window=1 shared:4 work=0 coroutine
2 tcp 16384 B clients=16 window=1 shared:4 work=0 callback
2 tcp 16384 B clients=16 window=4 shared:4 work=0 coroutine
2 tcp 16384 B clients=16 window=4 shared:4 work=0 callback
2 tcp 16384 B clients=16 window=16 shared:4 work=0 coroutine
2 tcp 16384 B clients=16 window=16 shared:4 work=0 callback
2 tcp 16384 B clients=16 window=64 shared:4 work=0 coroutine
2 tcp 16384 B clients=16 window=64 shared:4 work=0 callback
2 tcp 64 B clients=16 window=1 shared:4 work=10000 coroutine
2 tcp 64 B clients=16 window=1 shared:4 work=10000 callback
2 tcp 64 B clients=16 window=4 shared:4 work=10000 coroutine
2 tcp 64 B clients=16 window=4 shared:4 work=10000 callback
2 tcp 64 B clients=16 window=16 shared:4 work=10000 coroutine
2 tcp 64 B clients=16 window=16 shared:4 work=10000 callback
2 tcp 64 B clients=16 window=64 shared:4 work=10000 coroutine
2 tcp 64 B clients=16 window=64 shared:4 work=10000 callback
2 tcp 1024 B clients=16 window=1 shared:4 work=10000 coroutine
2 tcp 1024 B clients=16 window=1 shared:4 work=10000 callback
2 tcp 1024 B clients=16 window=4 shared:4 work=10000 coroutine
2 tcp 1024 B clients=16 window=4 shared:4 work=10000 callback
2 tcp 1024 B clients=16 window=16 shared:4 work=10000 coroutine
2 tcp 1024 B clients=16 window=16 shared:4 work=10000 callback
2 tcp 1024 B clients=16 window=64 shared:4 work=10000 coroutine
2 tcp 1024 B clients=16 window=64 shared:4 work=10000 callback
2 tcp 16384 B clients=16 window=1 shared:4 work=10000 coroutine
2 tcp 16384 B clients=16 window=1 shared:4 work=10000 callback
2 tcp 16384 B clients=16 window=4 shared:4 work=10000 coroutine
2 tcp 16384 B clients=16 window=4 shared:4 work=10000 callback
2 tcp 16384 B clients=16 window=16 shared:4 work=10000 coroutine
2 tcp 16384 B clients=16 window=16 shared:4 work=10000 callback
2 tcp 16384 B clients=16 window=64 shared:4 work=10000 coroutine
2 tcp 16384 B clients=16 window=64 shared:4 work=10000 callback
2 tcp 64 B clients=16 window=1 sharded:4 work=0 coroutine
2 tcp 64 B clients=16 window=1 sharded:4 work=0 callback
2 tcp 64 B clients=16 window=4 sharded:4 work=0 coroutine
2 tcp 64 B clients=16 window=4 sharded:4 work=0 callback
2 tcp 64 B clients=16 window=16 sharded:4 work=0 coroutine
2 tcp 64 B clients=16 window=16 sharded:4 work=0 callback
2 tcp 64 B clients=16 window=64 sharded:4 work=0 coroutine
2 tcp 64 B clients=16 window=64 sharded:4 work=0 callback
2 tcp 1024 B clients=16 window=1 sharded:4 work=0 coroutine
2 tcp 1024 B clients=16 window=1 sharded:4 work=0 callback
2 tcp 1024 B clients=16 window=4 sharded:4 work=0 coroutine
2 tcp 1024 B clients=16 window=4 sharded:4 work=0 callback
2 tcp 1024 B clients=16 window=16 sharded:4 work=0 coroutine
2 tcp 1024 B clients=16 window=16 sharded:4 work=0 callback
2 tcp 1024 B clients=16 window=64 sharded:4 work=0 coroutine
2 tcp 1024 B clients=16 window=64 sharded:4 work=0 callback
2 tcp 16384 B clients=16 window=1 sharded:4 work=0 coroutine
2 tcp 16384 B clients=16 window=1 sharded:4 work=0 callback
2 tcp 16384 B clients=16 window=4 sharded:4 work=0 coroutine
2 tcp 16384 B clients=16 window=4 sharded:4 work=0 callback
2 tcp 16384 B clients=16 window=16 sharded:4 work=0 coroutine
2 tcp 16384 B clients=16 window=16 sharded:4 work=0 callback
2 tcp 16384 B clients=16 window=64 sharded:4 work=0 coroutine
2 tcp 16384 B clients=16 window=64 sharded:4 work=0 callback
2 tcp 64 B clients=16 window=1 sharded:4 work=10000 coroutine
2 tcp 64 B clients=16 window=1 sharded:4 work=10000 callback
2 tcp 64 B clients=16 window=4 sharded:4 work=10000 coroutine
2 tcp 64 B clients=16 window=4 sharded:4 work=10000 callback
2 tcp 64 B clients=16 window=16 sharded:4 work=10000 coroutine
2 tcp 64 B clients=16 window=16 sharded:4 work=10000 callback
2 tcp 64 B clients=16 window=64 sharded:4 work=10000 coroutine
2 tcp 64 B clients=16 window=64 sharded:4 work=10000 callback
2 tcp 1024 B clients=16 window=1 sharded:4 work=10000 coroutine
2 tcp 1024 B clients=16 window=1 sharded:4 work=10000 callback
2 tcp 1024 B clients=16 window=4 sharded:4 work=10000 coroutine
2 tcp 1024 B clients=16 window=4 sharded:4 work=10000 callback
2 tcp 1024 B clients=16 window=16 sharded:4 work=10000 coroutine
2 tcp 1024 B clients=16 window=16 sharded:4 work=10000 callback
2 tcp 1024 B clients=16 window=64 sharded:4 work=10000 coroutine
2 tcp 1024 B clients=16 window=64 sharded:4 work=10000 callback
2 tcp 16384 B clients=16 window=1 sharded:4 work=10000 coroutine
2 tcp 16384 B clients=16 window=1 sharded:4 work=10000 callback
2 tcp 16384 B clients=16 window=4 sharded:4 work=10000 coroutine
2 tcp 16384 B clients=16 window=4 sharded:4 work=10000 callback
2 tcp 16384 B clients=16 window=16 sharded:4 work=10000 coroutine
2 tcp 16384 B clients=16 window=16 sharded:4 work=10000 callback
2 tcp 16384 B clients=16 window=64 sharded:4 work=10000 coroutine
2 tcp 16384 B clients=16 window=64 sharded:4 work=10000 callback
3 tcp 64 B clients=16 window=1 shared:1 work=0 callback
3 tcp 64 B clients=16 window=1 shared:1 work=0 coroutine
3 tcp 64 B clients=16 window=4 shared:1 work=0 callback
3 tcp 64 B clients=16 window=4 shared:1 work=0 coroutine
3 tcp 64 B clients=16 window=16 shared:1 work=0 callback
3 tcp 64 B clients=16 window=16 shared:1 work=0 coroutine
3 tcp 64 B clients=16 window=64 shared:1 work=0 callback
3 tcp 64 B clients=16 window=64 shared:1 work=0 coroutine
3 tcp 1024 B clients=16 window=1 shared:1 work=0 callback
3 tcp 1024 B clients=16 window=1 shared:1 work=0 coroutine
3 tcp 1024 B clients=16 window=4 shared:1 work=0 callback
3 tcp 1024 B clients=16 window=4 shared:1 work=0 coroutine
3 tcp 1024 B clients=16 window=16 shared:1 work=0 callback
3 tcp 1024 B clients=16 window=16 shared:1 work=0 coroutine
3 tcp 1024 B clients=16 window=64 shared:1 work=0 callback
3 tcp 1024 B clients=16 window=64 shared:1 work=0 coroutine
3 tcp 16384 B clients=16 window=1 shared:1 work=0 callback
3 tcp 16384 B clients=16 window=1 shared:1 work=0 coroutine
3 tcp 16384 B clients=16 window=4 shared:1 work=0 callback
3 tcp 16384 B clients=16 window=4 shared:1 work=0 coroutine
3 tcp 16384 B clients=16 window=16 shared:1 work=0 callback
3 tcp 16384 B clients=16 window=16 shared:1 work=0 coroutine
3 tcp 16384 B clients=16 window=64 shared:1 work=0 callback
3 tcp 16384 B clients=16 window=64 shared:1 work=0 coroutine
3 tcp 64 B clients=16 window=1 shared:1 work=10000 callback
3 tcp 64 B clients=16 window=1 shared:1 work=10000 coroutine
3 tcp 64 B clients=16 window=4 shared:1 work=10000 callback
3 tcp 64 B clients=16 window=4 shared:1 work=10000 coroutine
3 tcp 64 B clients=16 window=16 shared:1 work=10000 callback
3 tcp 64 B clients=16 window=16 shared:1 work=10000 coroutine
3 tcp 64 B clients=16 window=64 shared:1 work=10000 callback
3 tcp 64 B clients=16 window=64 shared:1 work=10000 coroutine
3 tcp 1024 B clients=16 window=1 shared:1 work=10000 callback
3 tcp 1024 B clients=16 window=1 shared:1 work=10000 coroutine
3 tcp 1024 B clients=16 window=4 shared:1 work=10000 callback
3 tcp 1024 B clients=16 window=4 shared:1 work=10000 coroutine
3 tcp 1024 B clients=16 window=16 shared:1 work=10000 callback
3 tcp 1024 B clients=16 window=16 shared:1 work=10000 coroutine
3 tcp 1024 B clients=16 window=64 shared:1 work=10000 callback
3 tcp 1024 B clients=16 window=64 shared:1 work=10000 coroutine
3 tcp 16384 B clients=16 window=1 shared:1 work=10000 callback
3 tcp 16384 B clients=16 window=1 shared:1 work=10000 coroutine
3 tcp 16384 B clients=16 window=4 shared:1 work=10000 callback
3 tcp 16384 B clients=16 window=4 shared:1 work=10000 coroutine
3 tcp 16384 B clients=16 window=16 shared:1 work=10000 callback
3 tcp 16384 B clients=16 window=16 shared:1 work=10000 coroutine
3 tcp 16384 B clients=16 window=64 shared:1 work=10000 callback
3 tcp 16384 B clients=16 window=64 shared:1 work=10000 coroutine
3 tcp 64 B clients=16 window=1 shared:4 work=0 callback
3 tcp 64 B clients=16 window=1 shared:4 work=0 coroutine
3 tcp 64 B clients=16 window=4 shared:4 work=0 callback
3 tcp 64 B clients=16 window=4 shared:4 work=0 coroutine
3 tcp 64 B clients=16 window=16 shared:4 work=0 callback
3 tcp 64 B clients=16 window=16 shared:4 work=0 coroutine
3 tcp 64 B clients=16 window=64 shared:4 work=0 callback
3 tcp 64 B clients=16 window=64 shared:4 work=0 coroutine
3 tcp 1024 B clients=16 window=1 shared:4 work=0 callback
3 tcp 1024 B clients=16 window=1 shared:4 work=0 coroutine
3 tcp 1024 B clients=16 window=4 shared:4 work=0 callback
3 tcp 1024 B clients=16 window=4 shared:4 work=0 coroutine
3 tcp 1024 B clients=16 window=16 shared:4 work=0 callback
3 tcp 1024 B clients=16 window=16 shared:4 work=0 coroutine
3 tcp 1024 B clients=16 window=64 shared:4 work=0 callback
3 tcp 1024 B clients=16 window=64 shared:4 work=0 coroutine
3 tcp 16384 B clients=16 window=1 shared:4 work=0 callback
3 tcp 16384 B clients=16 window=1 shared:4 work=0 coroutine
3 tcp 16384 B clients=16 window=4 shared:4 work=0 callback
3 tcp 16384 B clients=16 window=4 shared:4 work=0 coroutine
3 tcp 16384 B clients=16 window=16 shared:4 work=0 callback
3 tcp 16384 B clients=16 window=16 shared:4 work=0 coroutine
3 tcp 16384 B clients=16 window=64 shared:4 work=0 callback
3 tcp 16384 B clients=16 window=64 shared:4 work=0 coroutine
3 tcp 64 B clients=16 window=1 shared:4 work=10000 callback
3 tcp 64 B clients=16 window=1 shared:4 work=10000 coroutine
3 tcp 64 B clients=16 window=4 shared:4 work=10000 callback
3 tcp 64 B clients=16 window=4 shared:4 work=10000 coroutine
3 tcp 64 B clients=16 window=16 shared:4 work=10000 callback
3 tcp 64 B clients=16 window=16 shared:4 work=10000 coroutine
3 tcp 64 B clients=16 window=64 shared:4 work=10000 callback
3 tcp 64 B clients=16 window=64 shared:4 work=10000 coroutine
3 tcp 1024 B clients=16 window=1 shared:4 work=10000 callback
3 tcp 1024 B clients=16 window=1 shared:4 work=10000 coroutine
3 tcp 1024 B clients=16 window=4 shared:4 work=10000 callback
3 tcp 1024 B clients=16 window=4 shared:4 work=10000 coroutine
3 tcp 1024 B clients=16 window=16 shared:4 work=10000 callback
3 tcp 1024 B clients=16 window=16 shared:4 work=10000 coroutine
3 tcp 1024 B clients=16 window=64 shared:4 work=10000 callback
3 tcp 1024 B clients=16 window=64 shared:4 work=10000 coroutine
3 tcp 16384 B clients=16 window=1 shared:4 work=10000 callback
3 tcp 16384 B clients=16 window=1 shared:4 work=10000 coroutine
3 tcp 16384 B clients=16 window=4 shared:4 work=10000 callback
3 tcp 16384 B clients=16 window=4 shared:4 work=10000 coroutine
3 tcp 16384 B clients=16 window=16 shared:4 work=10000 callback
3 tcp 16384 B clients=16 window=16 shared:4 work=10000 coroutine
3 tcp 16384 B clients=16 window=64 shared:4 work=10000 callback
3 tcp 16384 B clients=16 window=64 shared:4 work=10000 coroutine
3 tcp 64 B clients=16 window=1 sharded:4 work=0 callback
3 tcp 64 B clients=16 window=1 sharded:4 work=0 coroutine
3 tcp 64 B clients=16 window=4 sharded:4 work=0 callback
3 tcp 64 B clients=16 window=4 sharded:4 work=0 coroutine
3 tcp 64 B clients=16 window=16 sharded:4 work=0 callback
3 tcp 64 B clients=16 window=16 sharded:4 work=0 coroutine
3 tcp 64 B clients=16 window=64 sharded:4 work=0 callback
3 tcp 64 B clients=16 window=64 sharded:4 work=0 coroutine
3 tcp 1024 B clients=16 window=1 sharded:4 work=0 callback
3 tcp 1024 B clients=16 window=1 sharded:4 work=0 coroutine
3 tcp 1024 B clients=16 window=4 sharded:4 work=0 callback
3 tcp 1024 B clients=16 window=4 sharded:4 work=0 coroutine
3 tcp 1024 B clients=16 window=16 sharded:4 work=0 callback
3 tcp 1024 B clients=16 window=16 sharded:4 work=0 coroutine
3 tcp 1024 B clients=16 window=64 sharded:4 work=0 callback
3 tcp 1024 B clients=16 window=64 sharded:4 work=0 coroutine
3 tcp 16384 B clients=16 window=1 sharded:4 work=0 callback
3 tcp 16384 B clients=16 window=1 sharded:4 work=0 coroutine
3 tcp 16384 B clients=16 window=4 sharded:4 work=0 callback
3 tcp 16384 B clients=16 window=4 sharded:4 work=0 coroutine
3 tcp 16384 B clients=16 window=16 sharded:4 work=0 callback
3 tcp 16384 B clients=16 window=16 sharded:4 work=0 coroutine
3 tcp 16384 B clients=16 window=64 sharded:4 work=0 callback
3 tcp 16384 B clients=16 window=64 sharded:4 work=0 coroutine
3 tcp 64 B clients=16 window=1 sharded:4 work=10000 callback
3 tcp 64 B clients=16 window=1 sharded:4 work=10000 coroutine
3 tcp 64 B clients=16 window=4 sharded:4 work=10000 callback
3 tcp 64 B clients=16 window=4 sharded:4 work=10000 coroutine
3 tcp 64 B clients=16 window=16 sharded:4 work=10000 callback
3 tcp 64 B clients=16 window=16 sharded:4 work=10000 coroutine
3 tcp 64 B clients=16 window=64 sharded:4 work=10000 callback
3 tcp 64 B clients=16 window=64 sharded:4 work=10000 coroutine
3 tcp 1024 B clients=16 window=1 sharded:4 work=10000 callback
3 tcp 1024 B clients=16 window=1 sharded:4 work=10000 coroutine
3 tcp 1024 B clients=16 window=4 sharded:4 work=10000 callback
3 tcp 1024 B clients=16 window=4 sharded:4 work=10000 coroutine
3 tcp 1024 B clients=16 window=16 sharded:4 work=10000 callback
3 tcp 1024 B clients=16 window=16 sharded:4 work=10000 coroutine
3 tcp 1024 B clients=16 window=64 sharded:4 work=10000 callback
3 tcp 1024 B clients=16 window=64 sharded:4 work=10000 coroutine
3 tcp 16384 B clients=16 window=1 sharded:4 work=10000 callback
3 tcp 16384 B clients=16 window=1 sharded:4 work=10000 coroutine
3 tcp 16384 B clients=16 window=4 sharded:4 work=10000 callback
3 tcp 16384 B clients=16 window=4 sharded:4 work=10000 coroutine
3 tcp 16384 B clients=16 window=16 sharded:4 work=10000 callback
3 tcp 16384 B clients=16 window=16 sharded:4 work=10000 coroutine
3 tcp 16384 B clients=16 window=64 sharded:4 work=10000 callback
3 tcp 16384 B clients=16 window=64 sharded:4 work=10000 coroutine
Saved 432 measurements
